
Allocating common symbols
Common symbol       size              file

netbufpool          0x4               binaries/net.o
readylist           0x2               binaries/ready.o
rfltab              0x5a0             binaries/rflinit.o
sleepq              0x2               binaries/clkinit.o
nnames              0x4               binaries/naminit.o
udptab              0x168             binaries/udp.o
minheap             0x4               binaries/meminit.o
marks               0x50              binaries/mark.o
currpid             0x4               binaries/initialize.o
Lf_data             0x20c             binaries/lfsinit.o
porttab             0x2d0             binaries/ptinit.o
girmask             0x2               binaries/evec.o
ttytab              0x10c             binaries/ttyinit.o
proctab             0x1900            binaries/initialize.o
total_ready_proc    0x4               binaries/initialize.o
prcount             0x4               binaries/initialize.o
lfltab              0xf00             binaries/lflinit.o
rdstab              0x8c              binaries/rdsinit.o
ethertab            0x138             binaries/ethinit.o
NetData             0xa8              binaries/net.o
nmarks              0x4               binaries/mark.o
Defer               0x8               binaries/resched.o
semtab              0x4b0             binaries/initialize.o
maxheap             0x4               binaries/meminit.o
preempt             0x4               binaries/clkinit.o
buftab              0xf0              binaries/bufinit.o
Rf_data             0x18              binaries/rfsinit.o
total_cpu_usage     0x4               binaries/initialize.o
clktimefine         0x4               binaries/clkinit.o
mkmutex             0x4               binaries/mark.o
ctr1000             0x4               binaries/clkinit.o
heapSize            0x4               binaries/minheap.o
clktime             0x4               binaries/clkinit.o
arpcache            0x140             binaries/arp.o
icmptab             0x230             binaries/icmp.o
nbpools             0x4               binaries/bufinit.o
minHeap             0x320             binaries/initialize.o
queuetab            0x980             binaries/queue.o
ptnextid            0x4               binaries/ptinit.o
Ram                 0x19000           binaries/raminit.o
ipoqueue            0x2c              binaries/ip.o
memlist             0x8               binaries/initialize.o
nametab             0x19a0            binaries/naminit.o
ptfree              0x4               binaries/ptinit.o

Memory Configuration

Name             Origin             Length             Attributes
*default*        0x0000000000000000 0xffffffffffffffff

Linker script and memory map

                0x0000000000100000                physbase = 0x100000
                0x0000000000100000                . = physbase
                0x0000000000100000                . = ALIGN (0x1000)

.text           0x0000000000100000    0x15000
                0x0000000000100000                text = ABSOLUTE (.)
 *(.text .text.*)
 .text          0x0000000000100000      0x1ac binaries/start.o
                0x0000000000100028                start
                0x00000000001000fa                inb
                0x0000000000100102                inw
                0x000000000010010b                inl
                0x0000000000100113                outb
                0x000000000010011d                outw
                0x0000000000100128                outl
                0x0000000000100132                _rtcin
                0x000000000010013d                ___udivsi3
                0x0000000000100148                ___divsi3
                0x0000000000100154                sbzero
                0x0000000000100164                bcopy
                0x0000000000100178                insw
                0x000000000010018e                outsw
                0x00000000001001a4                lidt
 .text          0x00000000001001ac      0x2d8 binaries/ascdate.o
                0x00000000001001ac                ascdate
 .text          0x0000000000100484       0x10 binaries/bufinit.o
                0x0000000000100484                bufinit
 .text          0x0000000000100494       0x5a binaries/chprio.o
                0x0000000000100494                chprio
 .text          0x00000000001004ee       0x81 binaries/clkhandler.o
                0x00000000001004ee                clkhandler
 .text          0x000000000010056f       0x63 binaries/clkinit.o
                0x000000000010056f                clkinit
 .text          0x00000000001005d2       0x56 binaries/close.o
                0x00000000001005d2                close
 .text          0x0000000000100628        0x0 binaries/conf.o
 .text          0x0000000000100628       0x5f binaries/control.o
                0x0000000000100628                control
 .text          0x0000000000100687       0x59 binaries/cpubnd.o
                0x0000000000100687                cpubnd
 .text          0x00000000001006e0      0x259 binaries/create.o
                0x00000000001006e0                create
 .text          0x0000000000100939      0x205 binaries/early_imr.o
                0x0000000000100939                intel_cln_early_sb_read_reg
                0x0000000000100991                intel_cln_early_sb_write_reg
                0x0000000000100a40                remove_irm_protections
 .text          0x0000000000100b3e      0x2d4 binaries/evec.o
                0x0000000000100b3e                setirmask
                0x0000000000100b72                set_evec
                0x0000000000100bce                initevec
                0x0000000000100c9d                trap
 .text          0x0000000000100e12       0x78 binaries/freebuf.o
                0x0000000000100e12                freebuf
 .text          0x0000000000100e8a      0x106 binaries/freemem.o
                0x0000000000100e8a                freemem
 .text          0x0000000000100f90       0x65 binaries/getbuf.o
                0x0000000000100f90                getbuf
 .text          0x0000000000100ff5       0x56 binaries/getc.o
                0x0000000000100ff5                getc
 .text          0x000000000010104b       0x63 binaries/getdev.o
                0x000000000010104b                getdev
 .text          0x00000000001010ae       0x77 binaries/getitem.o
                0x00000000001010ae                getitem
                0x00000000001010da                getfirst
                0x00000000001010fd                getlast
 .text          0x0000000000101125       0xc2 binaries/getmem.o
                0x0000000000101125                getmem
 .text          0x00000000001011e7        0x6 binaries/getpid.o
                0x00000000001011e7                getpid
 .text          0x00000000001011ed       0x52 binaries/getprio.o
                0x00000000001011ed                getprio
 .text          0x000000000010123f       0xa6 binaries/getstk.o
                0x000000000010123f                getstk
 .text          0x00000000001012e5       0x34 binaries/gettime.o
                0x00000000001012e5                gettime
 .text          0x0000000000101319      0x18b binaries/getutime.o
                0x0000000000101319                getutime
 .text          0x00000000001014a4       0x56 binaries/init.o
                0x00000000001014a4                init
 .text          0x00000000001014fa      0x282 binaries/initialize.o
                0x00000000001014fa                nulluser
                0x0000000000101737                stop
                0x0000000000101759                delay
 .text          0x000000000010177c       0x97 binaries/insert.o
                0x000000000010177c                insert
 .text          0x0000000000101813       0xe0 binaries/insertd.o
                0x0000000000101813                insertd
 .text          0x00000000001018f3       0x6c binaries/iobnd.o
                0x00000000001018f3                iobnd
 .text          0x000000000010195f        0x6 binaries/ioerr.o
                0x000000000010195f                ioerr
 .text          0x0000000000101965        0x6 binaries/ionull.o
                0x0000000000101965                ionull
 .text          0x000000000010196b      0x194 binaries/kill.o
                0x000000000010196b                kill
 .text          0x0000000000101aff       0xa5 binaries/kprintf.o
                0x0000000000101aff                kputc
                0x0000000000101b2e                console_init
                0x0000000000101b60                kgetc
                0x0000000000101b82                kprintf
 .text          0x0000000000101ba4      0x137 binaries/main.o
                0x0000000000101ba4                TA_proc1
                0x0000000000101ba6                main
 .text          0x0000000000101cdb       0x93 binaries/mark.o
                0x0000000000101cdb                markinit
                0x0000000000101cf8                mark
 .text          0x0000000000101d6e      0x1f1 binaries/meminit.o
                0x0000000000101d6e                meminit
                0x0000000000101ef3                setsegs
 .text          0x0000000000101f5f      0x279 binaries/minheap.o
                0x0000000000101f5f                newheap
                0x0000000000101f6f                heapminkey
                0x0000000000101f7e                swap
                0x0000000000101fc5                minHeapify
                0x0000000000102066                heapgethead
                0x00000000001020d4                heapgetitem
                0x000000000010214a                heapinsert
                0x00000000001021b7                lChild
                0x00000000001021c0                rChild
                0x00000000001021c9                parent
 .text          0x00000000001021d8      0x12a binaries/mkbufpool.o
                0x00000000001021d8                mkbufpool
 .text          0x0000000000102302        0x8 binaries/net2hostlasm.o
                0x0000000000102302                net2hostlasm
 .text          0x000000000010230a       0x5e binaries/newqueue.o
                0x000000000010230a                newqueue
 .text          0x0000000000102368       0x5e binaries/open.o
                0x0000000000102368                open
 .text          0x00000000001023c6       0x1e binaries/panic.o
                0x00000000001023c6                panic
 .text          0x00000000001023e4      0x27c binaries/pci.o
                0x00000000001023e4                pci_init
                0x00000000001023ea                find_pci_device
                0x00000000001024a8                pci_read_config_byte
                0x00000000001024e5                pci_read_config_word
                0x0000000000102524                pci_read_config_dword
                0x0000000000102561                pci_write_config_byte
                0x000000000010259c                pci_write_config_word
                0x00000000001025d8                pci_write_config_dword
                0x0000000000102613                pci_get_dev_mmio_base_addr
 .text          0x0000000000102660       0x4f binaries/platinit.o
                0x0000000000102660                platinit
 .text          0x00000000001026af      0x172 binaries/printsegaddr.o
                0x00000000001026af                printsegaddr
 .text          0x0000000000102821       0xa3 binaries/ptclear.o
                0x0000000000102821                _ptclear
 .text          0x00000000001028c4       0x7c binaries/ptcount.o
                0x00000000001028c4                ptcount
 .text          0x0000000000102940      0x101 binaries/ptcreate.o
                0x0000000000102940                ptcreate
 .text          0x0000000000102a41       0x64 binaries/ptdelete.o
                0x0000000000102a41                ptdelete
 .text          0x0000000000102aa5       0x8e binaries/ptinit.o
                0x0000000000102aa5                ptinit
 .text          0x0000000000102b33       0xec binaries/ptrecv.o
                0x0000000000102b33                ptrecv
 .text          0x0000000000102c1f       0x67 binaries/ptreset.o
                0x0000000000102c1f                ptreset
 .text          0x0000000000102c86      0x10d binaries/ptsend.o
                0x0000000000102c86                ptsend
 .text          0x0000000000102d93       0x5c binaries/putc.o
                0x0000000000102d93                putc
 .text          0x0000000000102def       0xb6 binaries/quark_irq.o
                0x0000000000102def                quark_irq_routing
 .text          0x0000000000102ea5      0x19d binaries/quark_pdat.o
                0x0000000000102ea5                get_quark_pdat_entry_data_by_id
                0x0000000000102f72                get_quark_pdat_entry_data_by_desc
 .text          0x0000000000103042       0xaa binaries/queue.o
                0x0000000000103042                enqueue
                0x00000000001030a1                dequeue
 .text          0x00000000001030ec      0x29a binaries/rcreate.o
                0x00000000001030ec                rcreate
 .text          0x0000000000103386       0x5e binaries/read.o
                0x0000000000103386                read
 .text          0x00000000001033e4       0x68 binaries/ready.o
                0x00000000001033e4                ready
 .text          0x000000000010344c       0x53 binaries/receive.o
                0x000000000010344c                receive
 .text          0x000000000010349f       0x3f binaries/recvclr.o
                0x000000000010349f                recvclr
 .text          0x00000000001034de       0xa4 binaries/recvtime.o
                0x00000000001034de                recvtime
 .text          0x0000000000103582      0x1a6 binaries/resched.o
                0x0000000000103582                resched
                0x00000000001036b5                resched_cntl
 .text          0x0000000000103728       0x75 binaries/resume.o
                0x0000000000103728                resume
 .text          0x000000000010379d       0x5a binaries/seek.o
                0x000000000010379d                seek
 .text          0x00000000001037f7       0x4f binaries/semcount.o
                0x00000000001037f7                semcount
 .text          0x0000000000103846       0x8a binaries/semcreate.o
                0x0000000000103846                semcreate
 .text          0x00000000001038d0       0xc8 binaries/semdelete.o
                0x00000000001038d0                semdelete
 .text          0x0000000000103998       0xa7 binaries/semreset.o
                0x0000000000103998                semreset
 .text          0x0000000000103a3f       0xb4 binaries/send.o
                0x0000000000103a3f                send
 .text          0x0000000000103af3       0x95 binaries/signal.o
                0x0000000000103af3                signal
 .text          0x0000000000103b88       0xba binaries/signaln.o
                0x0000000000103b88                signaln
 .text          0x0000000000103c42       0xbe binaries/sleep.o
                0x0000000000103c42                sleepms
                0x0000000000103cca                sleep
 .text          0x0000000000103d00       0x6e binaries/stacksmashA.o
                0x0000000000103d00                takeover
                0x0000000000103d4d                stacksmashA
 .text          0x0000000000103d6e       0x10 binaries/stacksmashV.o
                0x0000000000103d6e                stacksmashV
 .text          0x0000000000103d7e      0x17c binaries/stacktrace.o
                0x0000000000103d7e                stacktrace
 .text          0x0000000000103efa       0xdc binaries/suspend.o
                0x0000000000103efa                suspend
 .text          0x0000000000103fd6       0x91 binaries/unsleep.o
                0x0000000000103fd6                unsleep
 .text          0x0000000000104067       0x15 binaries/userret.o
                0x0000000000104067                userret
 .text          0x000000000010407c       0xac binaries/wait.o
                0x000000000010407c                wait
 .text          0x0000000000104128       0x6d binaries/wakeup.o
                0x0000000000104128                wakeup
 .text          0x0000000000104195       0x5e binaries/write.o
                0x0000000000104195                write
 .text          0x00000000001041f3       0x16 binaries/xdone.o
                0x00000000001041f3                xdone
 .text          0x0000000000104209       0x23 binaries/yield.o
                0x0000000000104209                yield
 .text          0x000000000010422c        0xe binaries/abs.o
                0x000000000010422c                abs
 .text          0x000000000010423a       0x81 binaries/atoi.o
                0x000000000010423a                atoi
 .text          0x00000000001042bb       0x81 binaries/atol.o
                0x00000000001042bb                atol
 .text          0x000000000010433c       0x18 binaries/bzero.o
                0x000000000010433c                bzero
 .text          0x0000000000104354        0x0 binaries/ctype_.o
 .text          0x0000000000104354      0x6e4 binaries/doprnt.o
                0x00000000001044a8                _doprnt
 .text          0x0000000000104a38      0x69b binaries/doscan.o
                0x0000000000104a38                _doscan
 .text          0x00000000001050d3      0x723 binaries/fdoprnt.o
                0x0000000000105157                _fdoprnt
 .text          0x00000000001057f6       0x1c binaries/fgetc.o
                0x00000000001057f6                fgetc
 .text          0x0000000000105812       0x62 binaries/fgets.o
                0x0000000000105812                fgets
 .text          0x0000000000105874       0x23 binaries/fprintf.o
                0x0000000000105874                fprintf
 .text          0x0000000000105897       0x29 binaries/fputc.o
                0x0000000000105897                fputc
 .text          0x00000000001058c0       0x3b binaries/fputs.o
                0x00000000001058c0                fputs
 .text          0x00000000001058fb       0x6a binaries/fscanf.o
                0x0000000000105935                fscanf
 .text          0x0000000000105965       0x1c binaries/getchar.o
                0x0000000000105965                getchar
 .text          0x0000000000105981        0xe binaries/labs.o
                0x0000000000105981                labs
 .text          0x000000000010598f       0x32 binaries/memchr.o
                0x000000000010598f                memchr
 .text          0x00000000001059c1       0x49 binaries/memcmp.o
                0x00000000001059c1                memcmp
 .text          0x0000000000105a0a       0x25 binaries/memcpy.o
                0x0000000000105a0a                memcpy
 .text          0x0000000000105a2f       0x1e binaries/memset.o
                0x0000000000105a2f                memset
 .text          0x0000000000105a4d       0x2f binaries/printf.o
                0x0000000000105a4d                printf
 .text          0x0000000000105a7c       0x20 binaries/putchar.o
                0x0000000000105a7c                putchar
 .text          0x0000000000105a9c      0x1c8 binaries/qsort.o
                0x0000000000105c39                qsort
 .text          0x0000000000105c64       0x45 binaries/rand.o
                0x0000000000105c64                srand
                0x0000000000105c6e                rand
 .text          0x0000000000105ca9       0x49 binaries/sprintf.o
                0x0000000000105cc0                sprintf
 .text          0x0000000000105cf2       0x57 binaries/sscanf.o
                0x0000000000105d1b                sscanf
 .text          0x0000000000105d49       0x2d binaries/strchr.o
                0x0000000000105d49                strchr
 .text          0x0000000000105d76       0x43 binaries/strcmp.o
                0x0000000000105d76                strcmp
 .text          0x0000000000105db9       0x1a binaries/strcpy.o
                0x0000000000105db9                strcpy
 .text          0x0000000000105dd3       0x1c binaries/strlen.o
                0x0000000000105dd3                strlen
 .text          0x0000000000105def       0x3c binaries/strncat.o
                0x0000000000105def                strncat
 .text          0x0000000000105e2b       0x3a binaries/strncmp.o
                0x0000000000105e2b                strncmp
 .text          0x0000000000105e65       0x58 binaries/strncpy.o
                0x0000000000105e65                strncpy
 .text          0x0000000000105ebd       0x36 binaries/strnlen.o
                0x0000000000105ebd                strnlen
 .text          0x0000000000105ef3       0x30 binaries/strrchr.o
                0x0000000000105ef3                strrchr
 .text          0x0000000000105f23       0x66 binaries/strstr.o
                0x0000000000105f23                strstr
 .text          0x0000000000105f89      0x10a binaries/ttycontrol.o
                0x0000000000105f89                ttycontrol
 .text          0x0000000000106093       0xaa binaries/ttygetc.o
                0x0000000000106093                ttygetc
 .text          0x000000000010613d      0x477 binaries/ttyhandle_in.o
                0x00000000001061f3                ttyhandle_in
 .text          0x00000000001065b4      0x16e binaries/ttyhandle_out.o
                0x00000000001065b4                ttyhandle_out
 .text          0x0000000000106722       0x84 binaries/ttyhandler.o
                0x0000000000106722                ttyhandler
 .text          0x00000000001067a6      0x157 binaries/ttyinit.o
                0x00000000001067a6                ttyinit
 .text          0x00000000001068fd        0xc binaries/ttykickout.o
                0x00000000001068fd                ttykickout
 .text          0x0000000000106909       0xac binaries/ttyputc.o
                0x0000000000106909                ttyputc
 .text          0x00000000001069b5       0xf3 binaries/ttyread.o
                0x00000000001069b5                ttyread
 .text          0x0000000000106aa8       0x46 binaries/ttywrite.o
                0x0000000000106aa8                ttywrite
 .text          0x0000000000106aee      0x125 binaries/mount.o
                0x0000000000106aee                namlen
                0x0000000000106b26                mount
 .text          0x0000000000106c13      0x196 binaries/naminit.o
                0x0000000000106c13                naminit
 .text          0x0000000000106da9      0x1ff binaries/nammap.o
                0x0000000000106da9                namrepl
                0x0000000000106eca                namcpy
                0x0000000000106f17                nammap
 .text          0x0000000000106fa8       0x4e binaries/namopen.o
                0x0000000000106fa8                namopen
 .text          0x0000000000106ff6       0xce binaries/colon2mac.o
                0x0000000000106ff6                colon2mac
 .text          0x00000000001070c4       0x81 binaries/ethcontrol.o
                0x00000000001070c4                ethcontrol
 .text          0x0000000000107145      0x172 binaries/ethhandler.o
                0x0000000000107145                ethhandler
 .text          0x00000000001072b7      0x52e binaries/ethinit.o
                0x00000000001072b7                eth_phy_read
                0x00000000001072f4                eth_phy_write
                0x0000000000107334                eth_phy_reset
                0x000000000010740e                ethinit
 .text          0x00000000001077e5       0xff binaries/ethmcast.o
                0x00000000001077e5                ethmcast_add
                0x0000000000107832                ethmcast_remove
 .text          0x00000000001078e4      0x174 binaries/ethread.o
                0x00000000001078e4                ethread
 .text          0x0000000000107a58       0xbd binaries/ethwrite.o
                0x0000000000107a58                ethwrite
 .text          0x0000000000107b15       0x66 binaries/rdsbufalloc.o
                0x0000000000107b15                rdsbufalloc
 .text          0x0000000000107b7b       0xcd binaries/rdsclose.o
                0x0000000000107b7b                rdsclose
 .text          0x0000000000107c48      0x1e7 binaries/rdscomm.o
                0x0000000000107c48                rdscomm
 .text          0x0000000000107e2f      0x1c2 binaries/rdscontrol.o
                0x0000000000107e2f                rdscontrol
 .text          0x0000000000107ff1      0x1e3 binaries/rdsinit.o
                0x0000000000107ff1                rdsinit
 .text          0x00000000001081d4      0x1a1 binaries/rdsopen.o
                0x00000000001081d4                rdsopen
 .text          0x0000000000108375      0x2b9 binaries/rdsprocess.o
                0x0000000000108375                rdsprocess
 .text          0x000000000010862e      0x1e2 binaries/rdsread.o
                0x000000000010862e                rdsread
 .text          0x0000000000108810      0x1ac binaries/rdswrite.o
                0x0000000000108810                rdswrite
 .text          0x00000000001089bc        0x6 binaries/ramclose.o
                0x00000000001089bc                ramclose
 .text          0x00000000001089c2       0x34 binaries/raminit.o
                0x00000000001089c2                raminit
 .text          0x00000000001089f6        0x7 binaries/ramopen.o
                0x00000000001089f6                ramopen
 .text          0x00000000001089fd       0x27 binaries/ramread.o
                0x00000000001089fd                ramread
 .text          0x0000000000108a24       0x27 binaries/ramwrite.o
                0x0000000000108a24                ramwrite
 .text          0x0000000000108a4b       0x87 binaries/lfdballoc.o
                0x0000000000108a4b                lfdballoc
 .text          0x0000000000108ad2       0x4d binaries/lfdbfree.o
                0x0000000000108ad2                lfdbfree
 .text          0x0000000000108b1f       0x9f binaries/lfflush.o
                0x0000000000108b1f                lfflush
 .text          0x0000000000108bbe       0x7a binaries/lfgetmode.o
                0x0000000000108bbe                lfgetmode
 .text          0x0000000000108c38       0x5f binaries/lfiballoc.o
                0x0000000000108c38                lfiballoc
 .text          0x0000000000108c97       0x25 binaries/lfibclear.o
                0x0000000000108c97                lfibclear
 .text          0x0000000000108cbc       0x74 binaries/lfibget.o
                0x0000000000108cbc                lfibget
 .text          0x0000000000108d30       0x91 binaries/lfibput.o
                0x0000000000108d30                lfibput
 .text          0x0000000000108dc1       0xa1 binaries/lflclose.o
                0x0000000000108dc1                lflclose
 .text          0x0000000000108e62       0xbe binaries/lflcontrol.o
                0x0000000000108e62                lflcontrol
 .text          0x0000000000108f20       0xf7 binaries/lflgetc.o
                0x0000000000108f20                lflgetc
 .text          0x0000000000109017       0xe4 binaries/lflinit.o
                0x0000000000109017                lflinit
 .text          0x00000000001090fb      0x12d binaries/lflputc.o
                0x00000000001090fb                lflputc
 .text          0x0000000000109228       0x6a binaries/lflread.o
                0x0000000000109228                lflread
 .text          0x0000000000109292       0xb8 binaries/lflseek.o
                0x0000000000109292                lflseek
 .text          0x000000000010934a       0x4e binaries/lflwrite.o
                0x000000000010934a                lflwrite
 .text          0x0000000000109398      0x11a binaries/lfsckfmt.o
                0x0000000000109398                lfsckfmt
 .text          0x00000000001094b2      0x1bd binaries/lfscreate.o
                0x00000000001094b2                lfscreate
 .text          0x000000000010966f      0x1a4 binaries/lfsetup.o
                0x000000000010966f                lfsetup
 .text          0x0000000000109813       0x44 binaries/lfsinit.o
                0x0000000000109813                lfsinit
 .text          0x0000000000109857      0x303 binaries/lfsopen.o
                0x0000000000109857                lfsopen
 .text          0x0000000000109b5a      0x11d binaries/lftruncate.o
                0x0000000000109b5a                lftruncate
 .text          0x0000000000109c77       0x69 binaries/rflclose.o
                0x0000000000109c77                rflclose
 .text          0x0000000000109ce0       0x2b binaries/rflgetc.o
                0x0000000000109ce0                rflgetc
 .text          0x0000000000109d0b       0x69 binaries/rflinit.o
                0x0000000000109d0b                rflinit
 .text          0x0000000000109d74       0x2c binaries/rflputc.o
                0x0000000000109d74                rflputc
 .text          0x0000000000109da0      0x2c8 binaries/rflread.o
                0x0000000000109da0                rflread
 .text          0x000000000010a068       0x69 binaries/rflseek.o
                0x000000000010a068                rflseek
 .text          0x000000000010a0d1      0x2ec binaries/rflwrite.o
                0x000000000010a0d1                rflwrite
 .text          0x000000000010a3bd      0x17d binaries/rfscomm.o
                0x000000000010a3bd                rfscomm
 .text          0x000000000010a53a      0x246 binaries/rfscontrol.o
                0x000000000010a53a                rfscontrol
 .text          0x000000000010a780       0x7a binaries/rfsgetmode.o
                0x000000000010a780                rfsgetmode
 .text          0x000000000010a7fa       0x7d binaries/rfsinit.o
                0x000000000010a7fa                rfsinit
 .text          0x000000000010a877       0xb7 binaries/rfsndmsg.o
                0x000000000010a877                rfsndmsg
 .text          0x000000000010a92e      0x24f binaries/rfsopen.o
                0x000000000010a92e                rfsopen
 .text          0x000000000010ab7d      0x619 binaries/arp.o
                0x000000000010ab7d                arp_init
                0x000000000010ab95                arp_alloc
                0x000000000010ac39                arp_ntoh
                0x000000000010aca3                arp_hton
                0x000000000010ad0d                arp_resolve
                0x000000000010af5f                arp_in
 .text          0x000000000010b196      0x5a3 binaries/dhcp.o
                0x000000000010b196                dhcp_get_opt_val
                0x000000000010b1e9                dhcp_bld_bootp_msg
                0x000000000010b2b7                dhcp_bld_disc
                0x000000000010b307                dhcp_bld_req
                0x000000000010b3a1                getlocalip
 .text          0x000000000010b739       0xcc binaries/dot2ip.o
                0x000000000010b739                dot2ip
 .text          0x000000000010b805      0x378 binaries/hexdump.o
                0x000000000010b805                hexdump
                0x000000000010b954                hexadump
 .text          0x000000000010bb7d      0x6e6 binaries/icmp.o
                0x000000000010bb7d                icmp_init
                0x000000000010bb95                icmp_register
                0x000000000010bc53                icmp_recv
                0x000000000010bdf6                icmp_mkpkt
                0x000000000010bec7                icmp_in
                0x000000000010c05b                icmp_send
                0x000000000010c0ca                icmp_release
                0x000000000010c1e2                icmp_cksum
                0x000000000010c23b                icmp_hton
                0x000000000010c24f                icmp_ntoh
 .text          0x000000000010c263      0x5d0 binaries/ip.o
                0x000000000010c263                ip_local
                0x000000000010c2a3                ipcksum
                0x000000000010c2f6                ip_ntoh
                0x000000000010c360                ip_in
                0x000000000010c483                ip_hton
                0x000000000010c4ed                ip_out
                0x000000000010c5a0                ip_send
                0x000000000010c6ab                ipout
                0x000000000010c79b                ip_enqueue
 .text          0x000000000010c833      0x1a8 binaries/net.o
                0x000000000010c833                net_init
                0x000000000010c929                eth_hton
                0x000000000010c933                eth_ntoh
                0x000000000010c93d                netin
 .text          0x000000000010c9db       0xb3 binaries/netstart.o
                0x000000000010c9db                netstart
 .text          0x000000000010ca8e      0xa2d binaries/pdump.o
                0x000000000010ca8e                pdump
                0x000000000010d072                pdumph
 .text          0x000000000010d4bb      0x5bc binaries/tftp.o
                0x000000000010d4bb                tftp_send1
                0x000000000010d5d7                tftpget_mb
                0x000000000010da50                tftpget
 .text          0x000000000010da77      0xa03 binaries/udp.o
                0x000000000010da77                udp_init
                0x000000000010dab4                udp_in
                0x000000000010dbd3                udp_register
                0x000000000010dcf0                udp_recv
                0x000000000010de7b                udp_recvaddr
                0x000000000010e01a                udp_send
                0x000000000010e1d5                udp_sendto
                0x000000000010e348                udp_release
                0x000000000010e452                udp_ntoh
                0x000000000010e466                udp_hton
 .text          0x000000000010e47a      0x11a binaries/addargs.o
                0x000000000010e47a                addargs
 .text          0x000000000010e594      0x1e2 binaries/lexan.o
                0x000000000010e594                lexan
 .text          0x000000000010e776      0x5b6 binaries/shell.o
                0x000000000010e776                shell
 .text          0x000000000010ed2c       0x57 binaries/xsh_argecho.o
                0x000000000010ed2c                xsh_argecho
 .text          0x000000000010ed83      0x1ff binaries/xsh_arp.o
                0x000000000010ed83                xsh_arp
 .text          0x000000000010ef82      0x1d8 binaries/xsh_cat.o
                0x000000000010ef82                xsh_cat
 .text          0x000000000010f15a       0x50 binaries/xsh_clear.o
                0x000000000010f15a                xsh_clear
 .text          0x000000000010f1aa      0x285 binaries/xsh_date.o
                0x000000000010f1aa                xsh_date
 .text          0x000000000010f42f       0x80 binaries/xsh_devdump.o
                0x000000000010f42f                xsh_devdump
 .text          0x000000000010f4af       0x5e binaries/xsh_echo.o
                0x000000000010f4af                xsh_echo
 .text          0x000000000010f50d        0x6 binaries/xsh_exit.o
                0x000000000010f50d                xsh_exit
 .text          0x000000000010f513      0x324 binaries/xsh_help.o
                0x000000000010f513                xsh_help
 .text          0x000000000010f837      0x36d binaries/xsh_ipaddr.o
                0x000000000010f837                xsh_ipaddr
 .text          0x000000000010fba4      0x1ab binaries/xsh_kill.o
                0x000000000010fba4                xsh_kill
 .text          0x000000000010fd4f      0x3bc binaries/xsh_memdump.o
                0x000000000010fe11                xsh_memdump
 .text          0x000000000011010b      0x1c5 binaries/xsh_memstat.o
                0x000000000011010b                xsh_memstat
 .text          0x00000000001102d0      0x10e binaries/xsh_pcount.o
                0x00000000001102d0                xsh_pcount
 .text          0x00000000001103de      0x283 binaries/xsh_ping.o
                0x00000000001103de                xsh_ping
 .text          0x0000000000110661      0x19a binaries/xsh_ps.o
                0x0000000000110661                xsh_ps
 .text          0x00000000001107fb      0x19c binaries/xsh_sleep.o
                0x00000000001107fb                xsh_sleep
 .text          0x0000000000110997      0x1c5 binaries/xsh_udpdump.o
                0x0000000000110997                xsh_udpdump
 .text          0x0000000000110b5c      0x3ac binaries/xsh_udpecho.o
                0x0000000000110b5c                xsh_udpecho
 .text          0x0000000000110f08      0x209 binaries/xsh_udpeserver.o
                0x0000000000110f08                xsh_udpeserver
 .text          0x0000000000111111      0x1ae binaries/xsh_uptime.o
                0x0000000000111111                xsh_uptime
 .text          0x00000000001112bf        0xe binaries/clkdisp.o
                0x00000000001112bf                clkdisp
 .text          0x00000000001112cd       0x19 binaries/ctxsw.o
                0x00000000001112cd                ctxsw
 .text          0x00000000001112e6      0x36b binaries/intr.o
                0x00000000001112e6                disable
                0x00000000001112ef                restore
                0x00000000001112fd                enable
                0x00000000001112ff                pause
                0x0000000000111306                halt
                0x000000000011130c                spurious_irq7
                0x0000000000111311                spurious_irq15
                0x0000000000111320                _Xint0
                0x000000000011132b                _Xint1
                0x0000000000111336                _Xint2
                0x0000000000111341                _Xint3
                0x000000000011134c                _Xint4
                0x0000000000111357                _Xint5
                0x0000000000111362                _Xint6
                0x000000000011136d                _Xint7
                0x0000000000111378                _Xint8
                0x0000000000111383                _Xint9
                0x000000000011138e                _Xint10
                0x0000000000111399                _Xint11
                0x00000000001113a7                _Xint12
                0x00000000001113b5                _Xint13
                0x00000000001113c3                _Xint14
                0x00000000001113d1                _Xint15
                0x00000000001113df                _Xint16
                0x00000000001113ed                _Xint17
                0x00000000001113fb                _Xint18
                0x0000000000111409                _Xint19
                0x0000000000111417                _Xint20
                0x0000000000111425                _Xint21
                0x0000000000111433                _Xint22
                0x0000000000111441                _Xint23
                0x000000000011144f                _Xint24
                0x000000000011145d                _Xint25
                0x000000000011146b                _Xint26
                0x0000000000111479                _Xint27
                0x0000000000111487                _Xint28
                0x0000000000111495                _Xint29
                0x00000000001114a3                _Xint30
                0x00000000001114b1                _Xint31
                0x00000000001114bf                _Xint32
                0x00000000001114cd                _Xint33
                0x00000000001114db                _Xint34
                0x00000000001114e9                _Xint35
                0x00000000001114f7                _Xint36
                0x0000000000111505                _Xint37
                0x0000000000111513                _Xint38
                0x0000000000111521                _Xint39
                0x000000000011152f                _Xint40
                0x000000000011153d                _Xint41
                0x000000000011154b                _Xint42
                0x0000000000111559                _Xint43
                0x0000000000111567                _Xint44
                0x0000000000111575                _Xint45
                0x0000000000111583                _Xint46
                0x0000000000111591                defevec
 .text          0x0000000000111651        0x7 binaries/net2hostl.o
                0x0000000000111651                net2hostl
 .text          0x0000000000111658       0x5d binaries/net2hostlgcc.o
                0x0000000000111658                net2hostlgcc
 .text          0x00000000001116b5        0xf binaries/ttydispatch.o
                0x00000000001116b5                ttydispatch
 .text          0x00000000001116c4       0x13 binaries/ethdispatch.o
                0x00000000001116c4                ethdispatch
 *(.rodata .rodata.*)
 .rodata.str1.1
                0x00000000001116d7       0x54 binaries/ascdate.o
 *fill*         0x000000000011172b        0x1 
 .rodata.str1.4
                0x000000000011172c       0x22 binaries/ascdate.o
 .rodata.str1.1
                0x000000000011174e       0x5f binaries/conf.o
 .rodata.str1.1
                0x00000000001117ad       0x28 binaries/cpubnd.o
 *fill*         0x00000000001117d5        0x3 
 .rodata.str1.4
                0x00000000001117d8       0x4f binaries/early_imr.o
 *fill*         0x0000000000111827        0x1 
 .rodata        0x0000000000111828       0x33 binaries/early_imr.o
 .rodata.str1.1
                0x000000000011185b      0x20c binaries/evec.o
 *fill*         0x0000000000111a67        0x1 
 .rodata.str1.4
                0x0000000000111a68       0x23 binaries/evec.o
 .rodata.str1.1
                0x0000000000111a8b        0xb binaries/getutime.o
 *fill*         0x0000000000111a96        0x2 
 .rodata.str1.4
                0x0000000000111a98       0x54 binaries/getutime.o
 .rodata.str1.1
                0x0000000000111aec       0x63 binaries/initialize.o
                                         0x67 (size before relaxing)
 *fill*         0x0000000000111b4f        0x1 
 .rodata.str1.4
                0x0000000000111b50       0xd4 binaries/initialize.o
 .rodata.str1.1
                0x0000000000111c24       0x28 binaries/iobnd.o
 .rodata.str1.1
                0x0000000000111c24       0x16 binaries/kill.o
 *fill*         0x0000000000111c3a        0x2 
 .rodata        0x0000000000111c3c       0x20 binaries/kill.o
 .rodata.str1.1
                0x0000000000111c5c       0x50 binaries/main.o
 .rodata.str1.4
                0x0000000000111cac       0xa2 binaries/main.o
 *fill*         0x0000000000111d4e        0x2 
 .rodata.str1.4
                0x0000000000111d50       0x23 binaries/meminit.o
 .rodata.str1.1
                0x0000000000111d73       0x1b binaries/meminit.o
 .rodata.str1.1
                0x0000000000111d8e        0xf binaries/panic.o
 *fill*         0x0000000000111d9d        0x3 
 .rodata.str1.4
                0x0000000000111da0       0x35 binaries/printsegaddr.o
 .rodata.str1.1
                0x0000000000111dd5       0xb4 binaries/printsegaddr.o
                                         0xb6 (size before relaxing)
 .rodata.str1.1
                0x0000000000111e89       0x1c binaries/ptinit.o
 *fill*         0x0000000000111ea5        0x3 
 .rodata.str1.4
                0x0000000000111ea8       0x25 binaries/ptsend.o
 .rodata.str1.1
                0x0000000000111ecd       0x22 binaries/quark_pdat.o
 .rodata.str1.1
                0x0000000000111eef       0x14 binaries/stacksmashA.o
 *fill*         0x0000000000111f03        0x1 
 .rodata.str1.4
                0x0000000000111f04       0x63 binaries/stacktrace.o
 .rodata.str1.1
                0x0000000000111f67       0x52 binaries/stacktrace.o
 .rodata.str1.1
                0x0000000000111fb9       0x19 binaries/suspend.o
 *fill*         0x0000000000111fd2        0x2 
 .rodata.str1.4
                0x0000000000111fd4       0x27 binaries/xdone.o
 *fill*         0x0000000000111ffb        0x5 
 .rodata        0x0000000000112000       0x81 binaries/ctype_.o
                0x0000000000112000                _ctype_
 .rodata.str1.1
                0x0000000000112081       0x29 binaries/doprnt.o
 *fill*         0x00000000001120aa        0x2 
 .rodata        0x00000000001120ac       0xc4 binaries/doprnt.o
 .rodata        0x0000000000112170       0x98 binaries/doscan.o
 .rodata.str1.1
                0x0000000000112208       0x29 binaries/fdoprnt.o
 .rodata        0x0000000000112208       0x84 binaries/fdoprnt.o
 .rodata        0x000000000011228c       0x20 binaries/ttycontrol.o
 .rodata.str1.4
                0x00000000001122ac       0x4c binaries/naminit.o
 .rodata.str1.1
                0x00000000001122f8       0x32 binaries/naminit.o
                                         0x35 (size before relaxing)
 .rodata.str1.1
                0x000000000011232a       0x15 binaries/ethinit.o
 *fill*         0x000000000011233f        0x1 
 .rodata.str1.4
                0x0000000000112340       0x2e binaries/ethinit.o
 *fill*         0x000000000011236e        0x2 
 .rodata.str1.4
                0x0000000000112370       0x2c binaries/rdsbufalloc.o
 .rodata.str1.4
                0x000000000011239c       0x76 binaries/rdscomm.o
 *fill*         0x0000000000112412        0x2 
 .rodata.str1.4
                0x0000000000112414       0x48 binaries/rdscontrol.o
 .rodata.str1.4
                0x000000000011245c       0x7e binaries/rdsinit.o
 .rodata.str1.1
                0x00000000001124da       0x18 binaries/rdsinit.o
 *fill*         0x00000000001124f2        0x2 
 .rodata.str1.4
                0x00000000001124f4       0x22 binaries/rdsopen.o
 *fill*         0x0000000000112516        0x2 
 .rodata.str1.4
                0x0000000000112518       0x4d binaries/rdsprocess.o
 .rodata.str1.1
                0x0000000000112565        0x9 binaries/raminit.o
 .rodata.str1.1
                0x000000000011256e       0x13 binaries/lfdballoc.o
 *fill*         0x0000000000112581        0x3 
 .rodata.str1.4
                0x0000000000112584       0x23 binaries/lfdballoc.o
 .rodata.str1.1
                0x00000000001125a7       0x14 binaries/lfiballoc.o
 *fill*         0x00000000001125bb        0x1 
 .rodata.str1.4
                0x00000000001125bc       0x23 binaries/lflcontrol.o
 .rodata.str1.1
                0x00000000001125df       0x64 binaries/lfsckfmt.o
 *fill*         0x0000000000112643        0x1 
 .rodata.str1.4
                0x0000000000112644       0x51 binaries/lfsckfmt.o
 *fill*         0x0000000000112695        0x3 
 .rodata.str1.4
                0x0000000000112698       0x21 binaries/rflread.o
 .rodata.str1.4
                0x00000000001126b9       0x21 binaries/rflwrite.o
 *fill*         0x00000000001126b9        0x3 
 .rodata.str1.4
                0x00000000001126bc       0x75 binaries/rfscomm.o
 *fill*         0x0000000000112731        0x3 
 .rodata.str1.4
                0x0000000000112734       0x23 binaries/rfscontrol.o
 *fill*         0x0000000000112757        0x1 
 .rodata        0x0000000000112758       0x18 binaries/rfscontrol.o
 .rodata.str1.1
                0x0000000000112770       0x10 binaries/rfsinit.o
 .rodata.str1.4
                0x0000000000112770       0x57 binaries/rfsinit.o
 *fill*         0x00000000001127c7        0x1 
 .rodata.str1.4
                0x00000000001127c8       0x2a binaries/rfsndmsg.o
 .rodata.str1.4
                0x00000000001127f2       0x22 binaries/rfsopen.o
 .rodata.str1.1
                0x00000000001127f2       0x19 binaries/arp.o
 *fill*         0x000000000011280b        0x1 
 .rodata.str1.4
                0x000000000011280c       0x21 binaries/arp.o
 *fill*         0x000000000011282d        0x3 
 .rodata.str1.4
                0x0000000000112830       0xa6 binaries/dhcp.o
 .rodata.str1.1
                0x00000000001128d6       0x4a binaries/dhcp.o
 .rodata.str1.1
                0x0000000000112920       0x5a binaries/hexdump.o
                                         0x61 (size before relaxing)
 *fill*         0x000000000011297a        0x2 
 .rodata.str1.4
                0x000000000011297c       0x67 binaries/hexdump.o
 *fill*         0x00000000001129e3        0x1 
 .rodata.str1.4
                0x00000000001129e4       0x29 binaries/icmp.o
 .rodata.str1.1
                0x0000000000112a0d       0x4e binaries/ip.o
 *fill*         0x0000000000112a5b        0x1 
 .rodata.str1.4
                0x0000000000112a5c       0x20 binaries/ip.o
 .rodata.str1.4
                0x0000000000112a7c       0x28 binaries/net.o
 .rodata.str1.1
                0x0000000000112aa4       0x27 binaries/net.o
 *fill*         0x0000000000112acb        0x1 
 .rodata.str1.4
                0x0000000000112acc       0xcf binaries/netstart.o
 .rodata.str1.1
                0x0000000000112b9b      0x141 binaries/pdump.o
                                        0x14b (size before relaxing)
 .rodata.str1.4
                0x0000000000112cdc      0x126 binaries/pdump.o
 *fill*         0x0000000000112e02        0x2 
 .rodata.str1.4
                0x0000000000112e04      0x148 binaries/tftp.o
 .rodata.str1.1
                0x0000000000112f4c        0x6 binaries/tftp.o
                                          0xa (size before relaxing)
 .rodata.str1.1
                0x0000000000112f52       0xea binaries/shell.o
                                        0x106 (size before relaxing)
 .rodata.str1.4
                0x000000000011303c      0x1c4 binaries/shell.o
 .rodata        0x0000000000113200      0x108 binaries/shell.o
                0x0000000000113200                cmdtab
 .rodata.str1.1
                0x0000000000113308       0x26 binaries/xsh_argecho.o
                                         0x28 (size before relaxing)
 .rodata.str1.1
                0x000000000011332e       0x70 binaries/xsh_arp.o
                                         0x72 (size before relaxing)
 *fill*         0x000000000011339e        0x2 
 .rodata.str1.4
                0x00000000001133a0       0xb4 binaries/xsh_arp.o
 .rodata.str1.1
                0x0000000000113454       0x2d binaries/xsh_cat.o
                                         0x4f (size before relaxing)
 *fill*         0x0000000000113481        0x3 
 .rodata.str1.4
                0x0000000000113484       0x52 binaries/xsh_cat.o
                                         0x79 (size before relaxing)
 .rodata.str1.1
                0x00000000001134d6       0x15 binaries/xsh_clear.o
 .rodata.str1.1
                0x00000000001134eb       0x46 binaries/xsh_date.o
                                         0x5f (size before relaxing)
 *fill*         0x0000000000113531        0x3 
 .rodata.str1.4
                0x0000000000113534      0x163 binaries/xsh_date.o
 .rodata.str1.1
                0x0000000000113697       0x5d binaries/xsh_devdump.o
 .rodata.str1.1
                0x00000000001136f4        0x4 binaries/xsh_echo.o
                                          0x9 (size before relaxing)
 .rodata.str1.1
                0x00000000001136f8       0x65 binaries/xsh_help.o
                                         0xa3 (size before relaxing)
 *fill*         0x000000000011375d        0x3 
 .rodata.str1.4
                0x0000000000113760       0x7c binaries/xsh_help.o
                                         0xc6 (size before relaxing)
 .rodata.str1.1
                0x00000000001137dc       0x9c binaries/xsh_ipaddr.o
                                         0xf8 (size before relaxing)
 .rodata.str1.4
                0x0000000000113878       0x4d binaries/xsh_ipaddr.o
                                         0x99 (size before relaxing)
 .rodata.str1.1
                0x00000000001138c5       0x78 binaries/xsh_kill.o
                                         0x97 (size before relaxing)
 *fill*         0x000000000011393d        0x3 
 .rodata.str1.4
                0x0000000000113940       0x4a binaries/xsh_kill.o
                                         0x96 (size before relaxing)
 .rodata.str1.1
                0x000000000011398a       0x84 binaries/xsh_memdump.o
                                         0xa8 (size before relaxing)
 *fill*         0x0000000000113a0e        0x2 
 .rodata.str1.4
                0x0000000000113a10      0x15a binaries/xsh_memdump.o
                                        0x1aa (size before relaxing)
 .rodata.str1.1
                0x0000000000113b6a       0x40 binaries/xsh_memstat.o
                                         0x79 (size before relaxing)
 *fill*         0x0000000000113baa        0x2 
 .rodata.str1.4
                0x0000000000113bac      0x187 binaries/xsh_memstat.o
                                        0x1af (size before relaxing)
 .rodata.str1.1
                0x0000000000113d33       0x41 binaries/xsh_pcount.o
 *fill*         0x0000000000113d33        0x1 
 .rodata.str1.4
                0x0000000000113d34       0x43 binaries/xsh_pcount.o
                                         0x93 (size before relaxing)
 .rodata.str1.1
                0x0000000000113d77       0x90 binaries/xsh_ping.o
                                         0xaf (size before relaxing)
 *fill*         0x0000000000113e07        0x1 
 .rodata.str1.4
                0x0000000000113e08       0x77 binaries/xsh_ping.o
                                         0xc6 (size before relaxing)
 .rodata.str1.1
                0x0000000000113e7f       0x74 binaries/xsh_ps.o
                                         0xd5 (size before relaxing)
 *fill*         0x0000000000113ef3        0x1 
 .rodata.str1.4
                0x0000000000113ef4       0x80 binaries/xsh_ps.o
                                         0xd0 (size before relaxing)
 *fill*         0x0000000000113f74        0xc 
 .rodata        0x0000000000113f80       0x20 binaries/xsh_ps.o
 .rodata.str1.1
                0x0000000000113fa0       0x31 binaries/xsh_sleep.o
                                         0x72 (size before relaxing)
 *fill*         0x0000000000113fd1        0x3 
 .rodata.str1.4
                0x0000000000113fd4       0x2a binaries/xsh_sleep.o
                                         0x7a (size before relaxing)
 .rodata.str1.1
                0x0000000000113ffe       0x6b binaries/xsh_udpdump.o
                                         0xd2 (size before relaxing)
 *fill*         0x0000000000114069        0x3 
 .rodata.str1.4
                0x000000000011406c       0x94 binaries/xsh_udpdump.o
                                         0xe4 (size before relaxing)
 .rodata.str1.1
                0x0000000000114100       0xdb binaries/xsh_udpecho.o
                                         0xfa (size before relaxing)
 *fill*         0x00000000001141db        0x1 
 .rodata.str1.4
                0x00000000001141dc       0xc7 binaries/xsh_udpecho.o
                                        0x116 (size before relaxing)
 .rodata.str1.1
                0x00000000001142a3       0x66 binaries/xsh_udpeserver.o
                                         0x8f (size before relaxing)
 *fill*         0x0000000000114309        0x3 
 .rodata.str1.4
                0x000000000011430c       0x29 binaries/xsh_udpeserver.o
                                         0x9f (size before relaxing)
 .rodata.str1.1
                0x0000000000114335       0x49 binaries/xsh_uptime.o
                                         0x8c (size before relaxing)
 *fill*         0x000000000011437e        0x2 
 .rodata.str1.4
                0x0000000000114380       0x28 binaries/xsh_uptime.o
                                         0x76 (size before relaxing)
 .rodata        0x00000000001143a8       0x2d binaries/net2hostlgcc.o
                0x00000000001143d5                etext = ABSOLUTE (.)
                0x0000000000115000                . = ALIGN (0x1000)
 *fill*         0x00000000001143d5      0xc2b 

.eh_frame       0x0000000000115000     0x6b08
 .eh_frame      0x0000000000115000       0x78 binaries/ascdate.o
 .eh_frame      0x0000000000115078       0x14 binaries/bufinit.o
                                         0x2c (size before relaxing)
 .eh_frame      0x000000000011508c       0x40 binaries/chprio.o
                                         0x58 (size before relaxing)
 .eh_frame      0x00000000001150cc       0x18 binaries/clkhandler.o
                                         0x30 (size before relaxing)
 .eh_frame      0x00000000001150e4       0x3c binaries/clkinit.o
                                         0x54 (size before relaxing)
 .eh_frame      0x0000000000115120       0x3c binaries/close.o
                                         0x54 (size before relaxing)
 .eh_frame      0x000000000011515c       0x44 binaries/control.o
                                         0x5c (size before relaxing)
 .eh_frame      0x00000000001151a0       0x30 binaries/cpubnd.o
                                         0x48 (size before relaxing)
 .eh_frame      0x00000000001151d0       0x5c binaries/create.o
                                         0x74 (size before relaxing)
 .eh_frame      0x000000000011522c      0x148 binaries/early_imr.o
                                        0x160 (size before relaxing)
 .eh_frame      0x0000000000115374      0x1a8 binaries/evec.o
                                        0x1c0 (size before relaxing)
 .eh_frame      0x000000000011551c       0x50 binaries/freebuf.o
                                         0x68 (size before relaxing)
 .eh_frame      0x000000000011556c       0x58 binaries/freemem.o
                                         0x70 (size before relaxing)
 .eh_frame      0x00000000001155c4       0x40 binaries/getbuf.o
                                         0x58 (size before relaxing)
 .eh_frame      0x0000000000115604       0x3c binaries/getc.o
                                         0x54 (size before relaxing)
 .eh_frame      0x0000000000115640       0x5c binaries/getdev.o
                                         0x74 (size before relaxing)
 .eh_frame      0x000000000011569c       0x4c binaries/getitem.o
                                         0x64 (size before relaxing)
 .eh_frame      0x00000000001156e8       0x50 binaries/getmem.o
                                         0x68 (size before relaxing)
 .eh_frame      0x0000000000115738       0x14 binaries/getpid.o
                                         0x2c (size before relaxing)
 .eh_frame      0x000000000011574c       0x34 binaries/getprio.o
                                         0x4c (size before relaxing)
 .eh_frame      0x0000000000115780       0x58 binaries/getstk.o
                                         0x70 (size before relaxing)
 .eh_frame      0x00000000001157d8       0x20 binaries/gettime.o
                                         0x38 (size before relaxing)
 .eh_frame      0x00000000001157f8       0x8c binaries/getutime.o
                                         0xa4 (size before relaxing)
 .eh_frame      0x0000000000115884       0x3c binaries/init.o
                                         0x54 (size before relaxing)
 .eh_frame      0x00000000001158c0       0xdc binaries/initialize.o
                                         0xf4 (size before relaxing)
 .eh_frame      0x000000000011599c       0x24 binaries/insert.o
                                         0x3c (size before relaxing)
 .eh_frame      0x00000000001159c0       0x38 binaries/insertd.o
                                         0x50 (size before relaxing)
 .eh_frame      0x00000000001159f8       0x50 binaries/iobnd.o
                                         0x68 (size before relaxing)
 .eh_frame      0x0000000000115a48       0x14 binaries/ioerr.o
                                         0x2c (size before relaxing)
 .eh_frame      0x0000000000115a5c       0x14 binaries/ionull.o
                                         0x2c (size before relaxing)
 .eh_frame      0x0000000000115a70       0x80 binaries/kill.o
                                         0x98 (size before relaxing)
 .eh_frame      0x0000000000115af0       0x80 binaries/kprintf.o
                                         0x98 (size before relaxing)
 .eh_frame      0x0000000000115b70       0x58 binaries/main.o
                                         0x70 (size before relaxing)
 .eh_frame      0x0000000000115bc8       0x4c binaries/mark.o
                                         0x64 (size before relaxing)
 .eh_frame      0x0000000000115c14       0x74 binaries/meminit.o
                                         0x8c (size before relaxing)
 .eh_frame      0x0000000000115c88      0x17c binaries/minheap.o
                                        0x194 (size before relaxing)
 .eh_frame      0x0000000000115e04       0x74 binaries/mkbufpool.o
                                         0x8c (size before relaxing)
 .eh_frame      0x0000000000115e78       0x14 binaries/net2hostlasm.o
                                         0x2c (size before relaxing)
 .eh_frame      0x0000000000115e8c       0x14 binaries/newqueue.o
                                         0x2c (size before relaxing)
 .eh_frame      0x0000000000115ea0       0x44 binaries/open.o
                                         0x5c (size before relaxing)
 .eh_frame      0x0000000000115ee4       0x20 binaries/panic.o
                                         0x38 (size before relaxing)
 .eh_frame      0x0000000000115f04       0xec binaries/pci.o
                                        0x104 (size before relaxing)
 .eh_frame      0x0000000000115ff0       0x38 binaries/platinit.o
                                         0x50 (size before relaxing)
 .eh_frame      0x0000000000116028       0xa4 binaries/printsegaddr.o
                                         0xbc (size before relaxing)
 .eh_frame      0x00000000001160cc       0x68 binaries/ptclear.o
                                         0x80 (size before relaxing)
 .eh_frame      0x0000000000116134       0x50 binaries/ptcount.o
                                         0x68 (size before relaxing)
 .eh_frame      0x0000000000116184       0x60 binaries/ptcreate.o
                                         0x78 (size before relaxing)
 .eh_frame      0x00000000001161e4       0x44 binaries/ptdelete.o
                                         0x5c (size before relaxing)
 .eh_frame      0x0000000000116228       0x3c binaries/ptinit.o
                                         0x54 (size before relaxing)
 .eh_frame      0x0000000000116264       0x54 binaries/ptrecv.o
                                         0x6c (size before relaxing)
 .eh_frame      0x00000000001162b8       0x44 binaries/ptreset.o
                                         0x5c (size before relaxing)
 .eh_frame      0x00000000001162fc       0x5c binaries/ptsend.o
                                         0x74 (size before relaxing)
 .eh_frame      0x0000000000116358       0x44 binaries/putc.o
                                         0x5c (size before relaxing)
 .eh_frame      0x000000000011639c       0x60 binaries/quark_irq.o
                                         0x78 (size before relaxing)
 .eh_frame      0x00000000001163fc       0xd0 binaries/quark_pdat.o
                                         0xe8 (size before relaxing)
 .eh_frame      0x00000000001164cc       0x34 binaries/queue.o
                                         0x4c (size before relaxing)
 .eh_frame      0x0000000000116500       0x74 binaries/rcreate.o
                                         0x8c (size before relaxing)
 .eh_frame      0x0000000000116574       0x44 binaries/read.o
                                         0x5c (size before relaxing)
 .eh_frame      0x00000000001165b8       0x2c binaries/ready.o
                                         0x44 (size before relaxing)
 .eh_frame      0x00000000001165e4       0x38 binaries/receive.o
                                         0x50 (size before relaxing)
 .eh_frame      0x000000000011661c       0x28 binaries/recvclr.o
                                         0x40 (size before relaxing)
 .eh_frame      0x0000000000116644       0x50 binaries/recvtime.o
                                         0x68 (size before relaxing)
 .eh_frame      0x0000000000116694       0x6c binaries/resched.o
                                         0x84 (size before relaxing)
 .eh_frame      0x0000000000116700       0x48 binaries/resume.o
                                         0x60 (size before relaxing)
 .eh_frame      0x0000000000116748       0x40 binaries/seek.o
                                         0x58 (size before relaxing)
 .eh_frame      0x0000000000116788       0x34 binaries/semcount.o
                                         0x4c (size before relaxing)
 .eh_frame      0x00000000001167bc       0x40 binaries/semcreate.o
                                         0x58 (size before relaxing)
 .eh_frame      0x00000000001167fc       0x5c binaries/semdelete.o
                                         0x74 (size before relaxing)
 .eh_frame      0x0000000000116858       0x68 binaries/semreset.o
                                         0x80 (size before relaxing)
 .eh_frame      0x00000000001168c0       0x58 binaries/send.o
                                         0x70 (size before relaxing)
 .eh_frame      0x0000000000116918       0x50 binaries/signal.o
                                         0x68 (size before relaxing)
 .eh_frame      0x0000000000116968       0x5c binaries/signaln.o
                                         0x74 (size before relaxing)
 .eh_frame      0x00000000001169c4       0x74 binaries/sleep.o
                                         0x8c (size before relaxing)
 .eh_frame      0x0000000000116a38       0x3c binaries/stacksmashA.o
                                         0x54 (size before relaxing)
 .eh_frame      0x0000000000116a74       0x20 binaries/stacksmashV.o
                                         0x38 (size before relaxing)
 .eh_frame      0x0000000000116a94       0x9c binaries/stacktrace.o
                                         0xb4 (size before relaxing)
 .eh_frame      0x0000000000116b30       0x58 binaries/suspend.o
                                         0x70 (size before relaxing)
 .eh_frame      0x0000000000116b88       0x44 binaries/unsleep.o
                                         0x5c (size before relaxing)
 .eh_frame      0x0000000000116bcc       0x20 binaries/userret.o
                                         0x38 (size before relaxing)
 .eh_frame      0x0000000000116bec       0x50 binaries/wait.o
                                         0x68 (size before relaxing)
 .eh_frame      0x0000000000116c3c       0x2c binaries/wakeup.o
                                         0x44 (size before relaxing)
 .eh_frame      0x0000000000116c68       0x44 binaries/write.o
                                         0x5c (size before relaxing)
 .eh_frame      0x0000000000116cac       0x1c binaries/xdone.o
                                         0x34 (size before relaxing)
 .eh_frame      0x0000000000116cc8       0x28 binaries/yield.o
                                         0x40 (size before relaxing)
 .eh_frame      0x0000000000116cf0       0x14 binaries/abs.o
                                         0x2c (size before relaxing)
 .eh_frame      0x0000000000116d04       0x24 binaries/atoi.o
                                         0x3c (size before relaxing)
 .eh_frame      0x0000000000116d28       0x24 binaries/atol.o
                                         0x3c (size before relaxing)
 .eh_frame      0x0000000000116d4c       0x14 binaries/bzero.o
                                         0x2c (size before relaxing)
 .eh_frame      0x0000000000116d60      0x130 binaries/doprnt.o
                                        0x148 (size before relaxing)
 .eh_frame      0x0000000000116e90      0x104 binaries/doscan.o
                                        0x11c (size before relaxing)
 .eh_frame      0x0000000000116f94      0x110 binaries/fdoprnt.o
                                        0x128 (size before relaxing)
 .eh_frame      0x00000000001170a4       0x20 binaries/fgetc.o
                                         0x38 (size before relaxing)
 .eh_frame      0x00000000001170c4       0x44 binaries/fgets.o
                                         0x5c (size before relaxing)
 .eh_frame      0x0000000000117108       0x24 binaries/fprintf.o
                                         0x3c (size before relaxing)
 .eh_frame      0x000000000011712c       0x20 binaries/fputc.o
                                         0x38 (size before relaxing)
 .eh_frame      0x000000000011714c       0x38 binaries/fputs.o
                                         0x50 (size before relaxing)
 .eh_frame      0x0000000000117184       0x6c binaries/fscanf.o
                                         0x84 (size before relaxing)
 .eh_frame      0x00000000001171f0       0x1c binaries/getchar.o
                                         0x34 (size before relaxing)
 .eh_frame      0x000000000011720c       0x14 binaries/labs.o
                                         0x2c (size before relaxing)
 .eh_frame      0x0000000000117220       0x14 binaries/memchr.o
                                         0x2c (size before relaxing)
 .eh_frame      0x0000000000117234       0x24 binaries/memcmp.o
                                         0x3c (size before relaxing)
 .eh_frame      0x0000000000117258       0x24 binaries/memcpy.o
                                         0x3c (size before relaxing)
 .eh_frame      0x000000000011727c       0x1c binaries/memset.o
                                         0x34 (size before relaxing)
 .eh_frame      0x0000000000117298       0x24 binaries/printf.o
                                         0x3c (size before relaxing)
 .eh_frame      0x00000000001172bc       0x20 binaries/putchar.o
                                         0x38 (size before relaxing)
 .eh_frame      0x00000000001172dc       0xc0 binaries/qsort.o
                                         0xd8 (size before relaxing)
 .eh_frame      0x000000000011739c       0x28 binaries/rand.o
                                         0x40 (size before relaxing)
 .eh_frame      0x00000000001173c4       0x48 binaries/sprintf.o
                                         0x60 (size before relaxing)
 .eh_frame      0x000000000011740c       0x54 binaries/sscanf.o
                                         0x6c (size before relaxing)
 .eh_frame      0x0000000000117460       0x1c binaries/strchr.o
                                         0x34 (size before relaxing)
 .eh_frame      0x000000000011747c       0x1c binaries/strcmp.o
                                         0x34 (size before relaxing)
 .eh_frame      0x0000000000117498       0x14 binaries/strcpy.o
                                         0x2c (size before relaxing)
 .eh_frame      0x00000000001174ac       0x14 binaries/strlen.o
                                         0x2c (size before relaxing)
 .eh_frame      0x00000000001174c0       0x2c binaries/strncat.o
                                         0x44 (size before relaxing)
 .eh_frame      0x00000000001174ec       0x1c binaries/strncmp.o
                                         0x34 (size before relaxing)
 .eh_frame      0x0000000000117508       0x30 binaries/strncpy.o
                                         0x48 (size before relaxing)
 .eh_frame      0x0000000000117538       0x1c binaries/strnlen.o
                                         0x34 (size before relaxing)
 .eh_frame      0x0000000000117554       0x1c binaries/strrchr.o
                                         0x34 (size before relaxing)
 .eh_frame      0x0000000000117570       0x38 binaries/strstr.o
                                         0x50 (size before relaxing)
 .eh_frame      0x00000000001175a8       0x48 binaries/ttycontrol.o
                                         0x60 (size before relaxing)
 .eh_frame      0x00000000001175f0       0x38 binaries/ttygetc.o
                                         0x50 (size before relaxing)
 .eh_frame      0x0000000000117628       0xd8 binaries/ttyhandle_in.o
                                         0xf0 (size before relaxing)
 .eh_frame      0x0000000000117700       0x64 binaries/ttyhandle_out.o
                                         0x7c (size before relaxing)
 .eh_frame      0x0000000000117764       0x54 binaries/ttyhandler.o
                                         0x6c (size before relaxing)
 .eh_frame      0x00000000001177b8       0x48 binaries/ttyinit.o
                                         0x60 (size before relaxing)
 .eh_frame      0x0000000000117800       0x14 binaries/ttykickout.o
                                         0x2c (size before relaxing)
 .eh_frame      0x0000000000117814       0x58 binaries/ttyputc.o
                                         0x70 (size before relaxing)
 .eh_frame      0x000000000011786c       0x60 binaries/ttyread.o
                                         0x78 (size before relaxing)
 .eh_frame      0x00000000001178cc       0x38 binaries/ttywrite.o
                                         0x50 (size before relaxing)
 .eh_frame      0x0000000000117904       0x78 binaries/mount.o
                                         0x90 (size before relaxing)
 .eh_frame      0x000000000011797c       0xe4 binaries/naminit.o
                                         0xfc (size before relaxing)
 .eh_frame      0x0000000000117a60       0xe8 binaries/nammap.o
                                        0x100 (size before relaxing)
 .eh_frame      0x0000000000117b48       0x3c binaries/namopen.o
                                         0x54 (size before relaxing)
 .eh_frame      0x0000000000117b84       0x3c binaries/colon2mac.o
                                         0x54 (size before relaxing)
 .eh_frame      0x0000000000117bc0       0x40 binaries/ethcontrol.o
                                         0x58 (size before relaxing)
 .eh_frame      0x0000000000117c00       0x58 binaries/ethhandler.o
                                         0x70 (size before relaxing)
 .eh_frame      0x0000000000117c58      0x14c binaries/ethinit.o
                                        0x164 (size before relaxing)
 .eh_frame      0x0000000000117da4       0xa0 binaries/ethmcast.o
                                         0xb8 (size before relaxing)
 .eh_frame      0x0000000000117e44       0x80 binaries/ethread.o
                                         0x98 (size before relaxing)
 .eh_frame      0x0000000000117ec4       0x44 binaries/ethwrite.o
                                         0x5c (size before relaxing)
 .eh_frame      0x0000000000117f08       0x30 binaries/rdsbufalloc.o
                                         0x48 (size before relaxing)
 .eh_frame      0x0000000000117f38       0x3c binaries/rdsclose.o
                                         0x54 (size before relaxing)
 .eh_frame      0x0000000000117f74       0x8c binaries/rdscomm.o
                                         0xa4 (size before relaxing)
 .eh_frame      0x0000000000118000       0xb0 binaries/rdscontrol.o
                                         0xc8 (size before relaxing)
 .eh_frame      0x00000000001180b0       0x90 binaries/rdsinit.o
                                         0xa8 (size before relaxing)
 .eh_frame      0x0000000000118140       0x74 binaries/rdsopen.o
                                         0x8c (size before relaxing)
 .eh_frame      0x00000000001181b4       0xf8 binaries/rdsprocess.o
                                        0x110 (size before relaxing)
 .eh_frame      0x00000000001182ac       0x7c binaries/rdsread.o
                                         0x94 (size before relaxing)
 .eh_frame      0x0000000000118328       0x80 binaries/rdswrite.o
                                         0x98 (size before relaxing)
 .eh_frame      0x00000000001183a8       0x14 binaries/ramclose.o
                                         0x2c (size before relaxing)
 .eh_frame      0x00000000001183bc       0x2c binaries/raminit.o
                                         0x44 (size before relaxing)
 .eh_frame      0x00000000001183e8       0x14 binaries/ramopen.o
                                         0x2c (size before relaxing)
 .eh_frame      0x00000000001183fc       0x20 binaries/ramread.o
                                         0x38 (size before relaxing)
 .eh_frame      0x000000000011841c       0x20 binaries/ramwrite.o
                                         0x38 (size before relaxing)
 .eh_frame      0x000000000011843c       0x64 binaries/lfdballoc.o
                                         0x7c (size before relaxing)
 .eh_frame      0x00000000001184a0       0x40 binaries/lfdbfree.o
                                         0x58 (size before relaxing)
 .eh_frame      0x00000000001184e0       0x50 binaries/lfflush.o
                                         0x68 (size before relaxing)
 .eh_frame      0x0000000000118530       0x14 binaries/lfgetmode.o
                                         0x2c (size before relaxing)
 .eh_frame      0x0000000000118544       0x44 binaries/lfiballoc.o
                                         0x5c (size before relaxing)
 .eh_frame      0x0000000000118588       0x14 binaries/lfibclear.o
                                         0x2c (size before relaxing)
 .eh_frame      0x000000000011859c       0x4c binaries/lfibget.o
                                         0x64 (size before relaxing)
 .eh_frame      0x00000000001185e8       0x68 binaries/lfibput.o
                                         0x80 (size before relaxing)
 .eh_frame      0x0000000000118650       0x4c binaries/lflclose.o
                                         0x64 (size before relaxing)
 .eh_frame      0x000000000011869c       0x68 binaries/lflcontrol.o
                                         0x80 (size before relaxing)
 .eh_frame      0x0000000000118704       0x5c binaries/lflgetc.o
                                         0x74 (size before relaxing)
 .eh_frame      0x0000000000118760       0x50 binaries/lflinit.o
                                         0x68 (size before relaxing)
 .eh_frame      0x00000000001187b0       0x68 binaries/lflputc.o
                                         0x80 (size before relaxing)
 .eh_frame      0x0000000000118818       0x44 binaries/lflread.o
                                         0x5c (size before relaxing)
 .eh_frame      0x000000000011885c       0x50 binaries/lflseek.o
                                         0x68 (size before relaxing)
 .eh_frame      0x00000000001188ac       0x48 binaries/lflwrite.o
                                         0x60 (size before relaxing)
 .eh_frame      0x00000000001188f4       0xc8 binaries/lfsckfmt.o
                                         0xe0 (size before relaxing)
 .eh_frame      0x00000000001189bc       0xd4 binaries/lfscreate.o
                                         0xec (size before relaxing)
 .eh_frame      0x0000000000118a90       0xbc binaries/lfsetup.o
                                         0xd4 (size before relaxing)
 .eh_frame      0x0000000000118b4c       0x28 binaries/lfsinit.o
                                         0x40 (size before relaxing)
 .eh_frame      0x0000000000118b74       0x90 binaries/lfsopen.o
                                         0xa8 (size before relaxing)
 .eh_frame      0x0000000000118c04       0x84 binaries/lftruncate.o
                                         0x9c (size before relaxing)
 .eh_frame      0x0000000000118c88       0x30 binaries/rflclose.o
                                         0x48 (size before relaxing)
 .eh_frame      0x0000000000118cb8       0x24 binaries/rflgetc.o
                                         0x3c (size before relaxing)
[...]
 .comment       0x000000000000002a       0x2b binaries/xsh_clear.o
 .comment       0x000000000000002a       0x2b binaries/xsh_date.o
 .comment       0x000000000000002a       0x2b binaries/xsh_devdump.o
 .comment       0x000000000000002a       0x2b binaries/xsh_echo.o
 .comment       0x000000000000002a       0x2b binaries/xsh_exit.o
 .comment       0x000000000000002a       0x2b binaries/xsh_help.o
 .comment       0x000000000000002a       0x2b binaries/xsh_ipaddr.o
 .comment       0x000000000000002a       0x2b binaries/xsh_kill.o
 .comment       0x000000000000002a       0x2b binaries/xsh_memdump.o
 .comment       0x000000000000002a       0x2b binaries/xsh_memstat.o
 .comment       0x000000000000002a       0x2b binaries/xsh_pcount.o
 .comment       0x000000000000002a       0x2b binaries/xsh_ping.o
 .comment       0x000000000000002a       0x2b binaries/xsh_ps.o
 .comment       0x000000000000002a       0x2b binaries/xsh_sleep.o
 .comment       0x000000000000002a       0x2b binaries/xsh_udpdump.o
 .comment       0x000000000000002a       0x2b binaries/xsh_udpecho.o
 .comment       0x000000000000002a       0x2b binaries/xsh_udpeserver.o
 .comment       0x000000000000002a       0x2b binaries/xsh_uptime.o
 .comment       0x000000000000002a       0x2b binaries/net2hostlgcc.o

.note.GNU-stack
                0x0000000000000000        0x0
 .note.GNU-stack
                0x0000000000000000        0x0 binaries/ascdate.o
 .note.GNU-stack
                0x0000000000000000        0x0 binaries/bufinit.o
 .note.GNU-stack
                0x0000000000000000        0x0 binaries/chprio.o
 .note.GNU-stack
                0x0000000000000000        0x0 binaries/clkhandler.o
 .note.GNU-stack
                0x0000000000000000        0x0 binaries/clkinit.o
 .note.GNU-stack
                0x0000000000000000        0x0 binaries/close.o
 .note.GNU-stack
                0x0000000000000000        0x0 binaries/conf.o
 .note.GNU-stack
                0x0000000000000000        0x0 binaries/control.o
 .note.GNU-stack
                0x0000000000000000        0x0 binaries/cpubnd.o
 .note.GNU-stack
                0x0000000000000000        0x0 binaries/create.o
 .note.GNU-stack
                0x0000000000000000        0x0 binaries/early_imr.o
 .note.GNU-stack
                0x0000000000000000        0x0 binaries/evec.o
 .note.GNU-stack
                0x0000000000000000        0x0 binaries/freebuf.o
 .note.GNU-stack
                0x0000000000000000        0x0 binaries/freemem.o
 .note.GNU-stack
                0x0000000000000000        0x0 binaries/getbuf.o
 .note.GNU-stack
                0x0000000000000000        0x0 binaries/getc.o
 .note.GNU-stack
                0x0000000000000000        0x0 binaries/getdev.o
 .note.GNU-stack
                0x0000000000000000        0x0 binaries/getitem.o
 .note.GNU-stack
                0x0000000000000000        0x0 binaries/getmem.o
 .note.GNU-stack
                0x0000000000000000        0x0 binaries/getpid.o
 .note.GNU-stack
                0x0000000000000000        0x0 binaries/getprio.o
 .note.GNU-stack
                0x0000000000000000        0x0 binaries/getstk.o
 .note.GNU-stack
                0x0000000000000000        0x0 binaries/gettime.o
 .note.GNU-stack
                0x0000000000000000        0x0 binaries/getutime.o
 .note.GNU-stack
                0x0000000000000000        0x0 binaries/init.o
 .note.GNU-stack
                0x0000000000000000        0x0 binaries/initialize.o
 .note.GNU-stack
                0x0000000000000000        0x0 binaries/insert.o
 .note.GNU-stack
                0x0000000000000000        0x0 binaries/insertd.o
 .note.GNU-stack
                0x0000000000000000        0x0 binaries/iobnd.o
 .note.GNU-stack
                0x0000000000000000        0x0 binaries/ioerr.o
 .note.GNU-stack
                0x0000000000000000        0x0 binaries/ionull.o
 .note.GNU-stack
                0x0000000000000000        0x0 binaries/kill.o
 .note.GNU-stack
                0x0000000000000000        0x0 binaries/kprintf.o
 .note.GNU-stack
                0x0000000000000000        0x0 binaries/main.o
 .note.GNU-stack
                0x0000000000000000        0x0 binaries/mark.o
 .note.GNU-stack
                0x0000000000000000        0x0 binaries/meminit.o
 .note.GNU-stack
                0x0000000000000000        0x0 binaries/minheap.o
 .note.GNU-stack
                0x0000000000000000        0x0 binaries/mkbufpool.o
 .note.GNU-stack
                0x0000000000000000        0x0 binaries/net2hostlasm.o
 .note.GNU-stack
                0x0000000000000000        0x0 binaries/newqueue.o
 .note.GNU-stack
                0x0000000000000000        0x0 binaries/open.o
 .note.GNU-stack
                0x0000000000000000        0x0 binaries/panic.o
 .note.GNU-stack
                0x0000000000000000        0x0 binaries/pci.o
 .note.GNU-stack
                0x0000000000000000        0x0 binaries/platinit.o
 .note.GNU-stack
                0x0000000000000000        0x0 binaries/printsegaddr.o
 .note.GNU-stack
                0x0000000000000000        0x0 binaries/ptclear.o
 .note.GNU-stack
                0x0000000000000000        0x0 binaries/ptcount.o
 .note.GNU-stack
                0x0000000000000000        0x0 binaries/ptcreate.o
 .note.GNU-stack
                0x0000000000000000        0x0 binaries/ptdelete.o
 .note.GNU-stack
                0x0000000000000000        0x0 binaries/ptinit.o
 .note.GNU-stack
                0x0000000000000000        0x0 binaries/ptrecv.o
 .note.GNU-stack
                0x0000000000000000        0x0 binaries/ptreset.o
 .note.GNU-stack
                0x0000000000000000        0x0 binaries/ptsend.o
 .note.GNU-stack
                0x0000000000000000        0x0 binaries/putc.o
 .note.GNU-stack
                0x0000000000000000        0x0 binaries/quark_irq.o
 .note.GNU-stack
                0x0000000000000000        0x0 binaries/quark_pdat.o
 .note.GNU-stack
                0x0000000000000000        0x0 binaries/queue.o
 .note.GNU-stack
                0x0000000000000000        0x0 binaries/rcreate.o
 .note.GNU-stack
                0x0000000000000000        0x0 binaries/read.o
 .note.GNU-stack
                0x0000000000000000        0x0 binaries/ready.o
 .note.GNU-stack
                0x0000000000000000        0x0 binaries/receive.o
 .note.GNU-stack
                0x0000000000000000        0x0 binaries/recvclr.o
 .note.GNU-stack
                0x0000000000000000        0x0 binaries/recvtime.o
 .note.GNU-stack
                0x0000000000000000        0x0 binaries/resched.o
 .note.GNU-stack
                0x0000000000000000        0x0 binaries/resume.o
 .note.GNU-stack
                0x0000000000000000        0x0 binaries/seek.o
 .note.GNU-stack
                0x0000000000000000        0x0 binaries/semcount.o
 .note.GNU-stack
                0x0000000000000000        0x0 binaries/semcreate.o
 .note.GNU-stack
                0x0000000000000000        0x0 binaries/semdelete.o
 .note.GNU-stack
                0x0000000000000000        0x0 binaries/semreset.o
 .note.GNU-stack
                0x0000000000000000        0x0 binaries/send.o
 .note.GNU-stack
                0x0000000000000000        0x0 binaries/signal.o
 .note.GNU-stack
                0x0000000000000000        0x0 binaries/signaln.o
 .note.GNU-stack
                0x0000000000000000        0x0 binaries/sleep.o
 .note.GNU-stack
                0x0000000000000000        0x0 binaries/stacksmashA.o
 .note.GNU-stack
                0x0000000000000000        0x0 binaries/stacksmashV.o
 .note.GNU-stack
                0x0000000000000000        0x0 binaries/stacktrace.o
 .note.GNU-stack
                0x0000000000000000        0x0 binaries/suspend.o
 .note.GNU-stack
                0x0000000000000000        0x0 binaries/unsleep.o
 .note.GNU-stack
                0x0000000000000000        0x0 binaries/userret.o
 .note.GNU-stack
                0x0000000000000000        0x0 binaries/wait.o
 .note.GNU-stack
                0x0000000000000000        0x0 binaries/wakeup.o
 .note.GNU-stack
                0x0000000000000000        0x0 binaries/write.o
 .note.GNU-stack
                0x0000000000000000        0x0 binaries/xdone.o
 .note.GNU-stack
                0x0000000000000000        0x0 binaries/yield.o
 .note.GNU-stack
                0x0000000000000000        0x0 binaries/abs.o
 .note.GNU-stack
                0x0000000000000000        0x0 binaries/atoi.o
 .note.GNU-stack
                0x0000000000000000        0x0 binaries/atol.o
 .note.GNU-stack
                0x0000000000000000        0x0 binaries/bzero.o
 .note.GNU-stack
                0x0000000000000000        0x0 binaries/ctype_.o
 .note.GNU-stack
                0x0000000000000000        0x0 binaries/doprnt.o
 .note.GNU-stack
                0x0000000000000000        0x0 binaries/doscan.o
 .note.GNU-stack
                0x0000000000000000        0x0 binaries/fdoprnt.o
 .note.GNU-stack
                0x0000000000000000        0x0 binaries/fgetc.o
 .note.GNU-stack
                0x0000000000000000        0x0 binaries/fgets.o
 .note.GNU-stack
                0x0000000000000000        0x0 binaries/fprintf.o
 .note.GNU-stack
                0x0000000000000000        0x0 binaries/fputc.o
 .note.GNU-stack
                0x0000000000000000        0x0 binaries/fputs.o
 .note.GNU-stack
                0x0000000000000000        0x0 binaries/fscanf.o
 .note.GNU-stack
                0x0000000000000000        0x0 binaries/getchar.o
 .note.GNU-stack
                0x0000000000000000        0x0 binaries/labs.o
 .note.GNU-stack
                0x0000000000000000        0x0 binaries/memchr.o
 .note.GNU-stack
                0x0000000000000000        0x0 binaries/memcmp.o
 .note.GNU-stack
                0x0000000000000000        0x0 binaries/memcpy.o
 .note.GNU-stack
                0x0000000000000000        0x0 binaries/memset.o
 .note.GNU-stack
                0x0000000000000000        0x0 binaries/printf.o
 .note.GNU-stack
                0x0000000000000000        0x0 binaries/putchar.o
 .note.GNU-stack
                0x0000000000000000        0x0 binaries/qsort.o
 .note.GNU-stack
                0x0000000000000000        0x0 binaries/rand.o
 .note.GNU-stack
                0x0000000000000000        0x0 binaries/sprintf.o
 .note.GNU-stack
                0x0000000000000000        0x0 binaries/sscanf.o
 .note.GNU-stack
                0x0000000000000000        0x0 binaries/strchr.o
 .note.GNU-stack
                0x0000000000000000        0x0 binaries/strcmp.o
 .note.GNU-stack
                0x0000000000000000        0x0 binaries/strcpy.o
 .note.GNU-stack
                0x0000000000000000        0x0 binaries/strlen.o
 .note.GNU-stack
                0x0000000000000000        0x0 binaries/strncat.o
 .note.GNU-stack
                0x0000000000000000        0x0 binaries/strncmp.o
 .note.GNU-stack
                0x0000000000000000        0x0 binaries/strncpy.o
 .note.GNU-stack
                0x0000000000000000        0x0 binaries/strnlen.o
 .note.GNU-stack
                0x0000000000000000        0x0 binaries/strrchr.o
 .note.GNU-stack
                0x0000000000000000        0x0 binaries/strstr.o
 .note.GNU-stack
                0x0000000000000000        0x0 binaries/ttycontrol.o
 .note.GNU-stack
                0x0000000000000000        0x0 binaries/ttygetc.o
 .note.GNU-stack
                0x0000000000000000        0x0 binaries/ttyhandle_in.o
 .note.GNU-stack
                0x0000000000000000        0x0 binaries/ttyhandle_out.o
 .note.GNU-stack
                0x0000000000000000        0x0 binaries/ttyhandler.o
 .note.GNU-stack
                0x0000000000000000        0x0 binaries/ttyinit.o
 .note.GNU-stack
                0x0000000000000000        0x0 binaries/ttykickout.o
 .note.GNU-stack
                0x0000000000000000        0x0 binaries/ttyputc.o
 .note.GNU-stack
                0x0000000000000000        0x0 binaries/ttyread.o
 .note.GNU-stack
                0x0000000000000000        0x0 binaries/ttywrite.o
 .note.GNU-stack
                0x0000000000000000        0x0 binaries/mount.o
 .note.GNU-stack
                0x0000000000000000        0x0 binaries/naminit.o
 .note.GNU-stack
                0x0000000000000000        0x0 binaries/nammap.o
 .note.GNU-stack
                0x0000000000000000        0x0 binaries/namopen.o
 .note.GNU-stack
                0x0000000000000000        0x0 binaries/colon2mac.o
 .note.GNU-stack
                0x0000000000000000        0x0 binaries/ethcontrol.o
 .note.GNU-stack
                0x0000000000000000        0x0 binaries/ethhandler.o
 .note.GNU-stack
                0x0000000000000000        0x0 binaries/ethinit.o
 .note.GNU-stack
                0x0000000000000000        0x0 binaries/ethmcast.o
 .note.GNU-stack
                0x0000000000000000        0x0 binaries/ethread.o
 .note.GNU-stack
                0x0000000000000000        0x0 binaries/ethwrite.o
 .note.GNU-stack
                0x0000000000000000        0x0 binaries/rdsbufalloc.o
 .note.GNU-stack
                0x0000000000000000        0x0 binaries/rdsclose.o
 .note.GNU-stack
                0x0000000000000000        0x0 binaries/rdscomm.o
 .note.GNU-stack
                0x0000000000000000        0x0 binaries/rdscontrol.o
 .note.GNU-stack
                0x0000000000000000        0x0 binaries/rdsinit.o
 .note.GNU-stack
                0x0000000000000000        0x0 binaries/rdsopen.o
 .note.GNU-stack
                0x0000000000000000        0x0 binaries/rdsprocess.o
 .note.GNU-stack
                0x0000000000000000        0x0 binaries/rdsread.o
 .note.GNU-stack
                0x0000000000000000        0x0 binaries/rdswrite.o
 .note.GNU-stack
                0x0000000000000000        0x0 binaries/ramclose.o
 .note.GNU-stack
                0x0000000000000000        0x0 binaries/raminit.o
 .note.GNU-stack
                0x0000000000000000        0x0 binaries/ramopen.o
 .note.GNU-stack
                0x0000000000000000        0x0 binaries/ramread.o
 .note.GNU-stack
                0x0000000000000000        0x0 binaries/ramwrite.o
 .note.GNU-stack
                0x0000000000000000        0x0 binaries/lfdballoc.o
 .note.GNU-stack
                0x0000000000000000        0x0 binaries/lfdbfree.o
 .note.GNU-stack
                0x0000000000000000        0x0 binaries/lfflush.o
 .note.GNU-stack
                0x0000000000000000        0x0 binaries/lfgetmode.o
 .note.GNU-stack
                0x0000000000000000        0x0 binaries/lfiballoc.o
 .note.GNU-stack
                0x0000000000000000        0x0 binaries/lfibclear.o
 .note.GNU-stack
                0x0000000000000000        0x0 binaries/lfibget.o
 .note.GNU-stack
                0x0000000000000000        0x0 binaries/lfibput.o
 .note.GNU-stack
                0x0000000000000000        0x0 binaries/lflclose.o
 .note.GNU-stack
                0x0000000000000000        0x0 binaries/lflcontrol.o
 .note.GNU-stack
                0x0000000000000000        0x0 binaries/lflgetc.o
 .note.GNU-stack
                0x0000000000000000        0x0 binaries/lflinit.o
 .note.GNU-stack
                0x0000000000000000        0x0 binaries/lflputc.o
 .note.GNU-stack
                0x0000000000000000        0x0 binaries/lflread.o
 .note.GNU-stack
                0x0000000000000000        0x0 binaries/lflseek.o
 .note.GNU-stack
                0x0000000000000000        0x0 binaries/lflwrite.o
 .note.GNU-stack
                0x0000000000000000        0x0 binaries/lfsckfmt.o
 .note.GNU-stack
                0x0000000000000000        0x0 binaries/lfscreate.o
 .note.GNU-stack
                0x0000000000000000        0x0 binaries/lfsetup.o
 .note.GNU-stack
                0x0000000000000000        0x0 binaries/lfsinit.o
 .note.GNU-stack
                0x0000000000000000        0x0 binaries/lfsopen.o
 .note.GNU-stack
                0x0000000000000000        0x0 binaries/lftruncate.o
 .note.GNU-stack
                0x0000000000000000        0x0 binaries/rflclose.o
 .note.GNU-stack
                0x0000000000000000        0x0 binaries/rflgetc.o
 .note.GNU-stack
                0x0000000000000000        0x0 binaries/rflinit.o
 .note.GNU-stack
                0x0000000000000000        0x0 binaries/rflputc.o
 .note.GNU-stack
                0x0000000000000000        0x0 binaries/rflread.o
 .note.GNU-stack
                0x0000000000000000        0x0 binaries/rflseek.o
 .note.GNU-stack
                0x0000000000000000        0x0 binaries/rflwrite.o
 .note.GNU-stack
                0x0000000000000000        0x0 binaries/rfscomm.o
 .note.GNU-stack
                0x0000000000000000        0x0 binaries/rfscontrol.o
 .note.GNU-stack
                0x0000000000000000        0x0 binaries/rfsgetmode.o
 .note.GNU-stack
                0x0000000000000000        0x0 binaries/rfsinit.o
 .note.GNU-stack
                0x0000000000000000        0x0 binaries/rfsndmsg.o
 .note.GNU-stack
                0x0000000000000000        0x0 binaries/rfsopen.o
 .note.GNU-stack
                0x0000000000000000        0x0 binaries/arp.o
 .note.GNU-stack
                0x0000000000000000        0x0 binaries/dhcp.o
 .note.GNU-stack
                0x0000000000000000        0x0 binaries/dot2ip.o
 .note.GNU-stack
                0x0000000000000000        0x0 binaries/hexdump.o
 .note.GNU-stack
                0x0000000000000000        0x0 binaries/icmp.o
 .note.GNU-stack
                0x0000000000000000        0x0 binaries/ip.o
 .note.GNU-stack
                0x0000000000000000        0x0 binaries/net.o
 .note.GNU-stack
                0x0000000000000000        0x0 binaries/netstart.o
 .note.GNU-stack
                0x0000000000000000        0x0 binaries/pdump.o
 .note.GNU-stack
                0x0000000000000000        0x0 binaries/tftp.o
 .note.GNU-stack
                0x0000000000000000        0x0 binaries/udp.o
 .note.GNU-stack
                0x0000000000000000        0x0 binaries/addargs.o
 .note.GNU-stack
                0x0000000000000000        0x0 binaries/lexan.o
 .note.GNU-stack
                0x0000000000000000        0x0 binaries/shell.o
 .note.GNU-stack
                0x0000000000000000        0x0 binaries/xsh_argecho.o
 .note.GNU-stack
                0x0000000000000000        0x0 binaries/xsh_arp.o
 .note.GNU-stack
                0x0000000000000000        0x0 binaries/xsh_cat.o
 .note.GNU-stack
                0x0000000000000000        0x0 binaries/xsh_clear.o
 .note.GNU-stack
                0x0000000000000000        0x0 binaries/xsh_date.o
 .note.GNU-stack
                0x0000000000000000        0x0 binaries/xsh_devdump.o
 .note.GNU-stack
                0x0000000000000000        0x0 binaries/xsh_echo.o
 .note.GNU-stack
                0x0000000000000000        0x0 binaries/xsh_exit.o
 .note.GNU-stack
                0x0000000000000000        0x0 binaries/xsh_help.o
 .note.GNU-stack
                0x0000000000000000        0x0 binaries/xsh_ipaddr.o
 .note.GNU-stack
                0x0000000000000000        0x0 binaries/xsh_kill.o
 .note.GNU-stack
                0x0000000000000000        0x0 binaries/xsh_memdump.o
 .note.GNU-stack
                0x0000000000000000        0x0 binaries/xsh_memstat.o
 .note.GNU-stack
                0x0000000000000000        0x0 binaries/xsh_pcount.o
 .note.GNU-stack
                0x0000000000000000        0x0 binaries/xsh_ping.o
 .note.GNU-stack
                0x0000000000000000        0x0 binaries/xsh_ps.o
 .note.GNU-stack
                0x0000000000000000        0x0 binaries/xsh_sleep.o
 .note.GNU-stack
                0x0000000000000000        0x0 binaries/xsh_udpdump.o
 .note.GNU-stack
                0x0000000000000000        0x0 binaries/xsh_udpecho.o
 .note.GNU-stack
                0x0000000000000000        0x0 binaries/xsh_udpeserver.o
 .note.GNU-stack
                0x0000000000000000        0x0 binaries/xsh_uptime.o
 .note.GNU-stack
                0x0000000000000000        0x0 binaries/net2hostlgcc.o
